
> react-example@3.4.1 build
> vite build

vite v6.4.3 building for production...
transforming...
✓ 2353 modules transformed.
rendering chunks...
computing gzip size...
dist/index.html                                                1.05 kB │ gzip:   0.56 kB
dist/assets/geist-cyrillic-ext-wght-normal-DjL33-gN.woff2      7.42 kB
dist/assets/geist-vietnamese-wght-normal-6IgcOCM7.woff2        8.00 kB
dist/assets/logo-renea-branco-BBMOefhy.png                    11.47 kB
dist/assets/outfit-latin-ext-wght-normal-DdQaqQDo.woff2       14.81 kB
dist/assets/geist-cyrillic-wght-normal-BEAKL7Jp.woff2         15.08 kB
dist/assets/geist-latin-ext-wght-normal-DC-KSUi6.woff2        16.51 kB
dist/assets/logo-renea-transparent-BCMA_BbZ.png               27.69 kB
dist/assets/geist-latin-wght-normal-BgDaEnEv.woff2            29.40 kB
dist/assets/rodovia-serra-800-C0gT-d8-.webp                   31.11 kB
dist/assets/outfit-latin-wght-normal-Bc-8i84L.woff2           32.29 kB
dist/assets/spmar_logo-r2yGE8BV.png                           42.75 kB
dist/assets/renea_logo_new-BLysUi0b.png                       95.34 kB
dist/assets/rodovia-serra-1600-BHaFkWWp.webp                  98.91 kB
dist/assets/rodovia-duplicada-1600-Dp4HSpAD.webp             138.23 kB
dist/assets/dashboard-command-reference-BPjHrY0-.png       2,077.53 kB
dist/assets/PresencaTempoRealPublica-BH3nm5Ji.css             24.73 kB │ gzip:   4.82 kB
dist/assets/index-2VMWWxF4.css                               196.62 kB │ gzip:  34.24 kB
dist/assets/formato-C7tYwrYq.js                                0.24 kB │ gzip:   0.18 kB
dist/assets/minus-DfiSrZWy.js                                  0.29 kB │ gzip:   0.24 kB
dist/assets/check-BUSBtv1S.js                                  0.29 kB │ gzip:   0.25 kB
dist/assets/chevron-left-CV0PaBaX.js                           0.30 kB │ gzip:   0.25 kB
dist/assets/usePaginacao-z7q-IA61.js                           0.31 kB │ gzip:   0.24 kB
dist/assets/loader-circle-CMMTN-aT.js                          0.31 kB │ gzip:   0.26 kB
dist/assets/authBridge-BWH4z-dK.js                             0.31 kB │ gzip:   0.22 kB
dist/assets/plus-DcE8Quhg.js                                   0.33 kB │ gzip:   0.25 kB
dist/assets/clock-3-C4kYAbbc.js                                0.34 kB │ gzip:   0.27 kB
dist/assets/arrow-right-Ce9QgrJc.js                            0.34 kB │ gzip:   0.27 kB
dist/assets/arrow-up-right-B1cMahCk.js                         0.34 kB │ gzip:   0.27 kB
dist/assets/trending-up-DMOL4hk0.js                            0.35 kB │ gzip:   0.28 kB
dist/assets/logo-renea-branco-BkdXpwVW.js                      0.35 kB │ gzip:   0.28 kB
dist/assets/circle-check-big-C0yw8JzR.js                       0.36 kB │ gzip:   0.29 kB
dist/assets/rotate-ccw-Cjgvf6Oz.js                             0.37 kB │ gzip:   0.29 kB
dist/assets/paperclip-B35zUagm.js                              0.40 kB │ gzip:   0.30 kB
dist/assets/upload-D6GFJUFL.js                                 0.40 kB │ gzip:   0.30 kB
dist/assets/download-BZEu-jfk.js                               0.41 kB │ gzip:   0.30 kB
dist/assets/link-2-C0j3DPRM.js                                 0.42 kB │ gzip:   0.31 kB
dist/assets/useEntradaDeLista-Dk9J5oDF.js                      0.44 kB │ gzip:   0.34 kB
dist/assets/pencil-BRUDRB97.js                                 0.45 kB │ gzip:   0.33 kB
dist/assets/pen-line-C-tf5RU8.js                               0.45 kB │ gzip:   0.33 kB
dist/assets/send-CgzoSEGU.js                                   0.46 kB │ gzip:   0.34 kB
dist/assets/user-plus-BCS3CBqT.js                              0.48 kB │ gzip:   0.34 kB
dist/assets/PageHeader-CaZm4oqv.js                             0.49 kB │ gzip:   0.27 kB
dist/assets/printer-CSiECNaS.js                                0.49 kB │ gzip:   0.34 kB
dist/assets/fuel-CrePtnYZ.js                                   0.49 kB │ gzip:   0.33 kB
dist/assets/save-9zAbWED7.js                                   0.50 kB │ gzip:   0.33 kB
dist/assets/trash-2-wfwdnsIZ.js                                0.50 kB │ gzip:   0.32 kB
dist/assets/funnel-x-BWkJsrjY.js                               0.50 kB │ gzip:   0.36 kB
dist/assets/droplets-DzKO1ZUK.js                               0.54 kB │ gzip:   0.39 kB
dist/assets/CountUp-BqAi33Ce.js                                0.56 kB │ gzip:   0.37 kB
dist/assets/file-pen-line-ZKMauKqG.js                          0.57 kB │ gzip:   0.37 kB
dist/assets/client-PaMvO7ci.js                                 0.58 kB │ gzip:   0.39 kB
dist/assets/sliders-horizontal-Cg11WGnT.js                     0.60 kB │ gzip:   0.35 kB
dist/assets/manutencao-Bx6HWR6k.js                             0.60 kB │ gzip:   0.37 kB
dist/assets/spmar_logo-BYDowO2z.js                             0.61 kB │ gzip:   0.32 kB
dist/assets/Badge-ASy66peP.js                                  0.63 kB │ gzip:   0.39 kB
dist/assets/TableShell-DV2jR2ea.js                             0.64 kB │ gzip:   0.37 kB
dist/assets/calendar-days-C1tf-_pP.js                          0.67 kB │ gzip:   0.37 kB
dist/assets/apontamentos-DspMxw2L.js                           0.77 kB │ gzip:   0.48 kB
dist/assets/Card-BBgdEjk4.js                                   0.79 kB │ gzip:   0.45 kB
dist/assets/producao-23jT0DXF.js                               0.86 kB │ gzip:   0.50 kB
dist/assets/operationalAttachments-BblN3kg0.js                 0.90 kB │ gzip:   0.52 kB
dist/assets/message-circle-DjTiIP52.js                         0.92 kB │ gzip:   0.47 kB
dist/assets/truck-DMzZEf97.js                                  0.95 kB │ gzip:   0.45 kB
dist/assets/operationalAttachmentRules-CTvRcyUr.js             1.00 kB │ gzip:   0.55 kB
dist/assets/boxes-BDmWDlRY.js                                  1.02 kB │ gzip:   0.51 kB
dist/assets/vendor-preload-BlTxHScW.js                         1.11 kB │ gzip:   0.65 kB
dist/assets/Pagination-j1DB_A86.js                             1.13 kB │ gzip:   0.55 kB
dist/assets/x-BiTEc2JD.js                                      1.28 kB │ gzip:   0.47 kB
dist/assets/ocorrencias-BoJVaVwG.js                            1.34 kB │ gzip:   0.73 kB
dist/assets/medicoes-Cqhee9WW.js                               1.55 kB │ gzip:   0.79 kB
dist/assets/imagem-BrRvvzyj.js                                 1.57 kB │ gzip:   0.94 kB
dist/assets/custos-DgszUIkK.js                                 1.68 kB │ gzip:   0.78 kB
dist/assets/ConfirmDialog-qyQUeSmp.js                          1.69 kB │ gzip:   0.77 kB
dist/assets/firebase-vSO0Tk3h.js                               1.90 kB │ gzip:   0.93 kB
dist/assets/masterDataApi-Uy-Kr9nB.js                          1.94 kB │ gzip:   1.04 kB
dist/assets/fvs-B0ibWAy4.js                                    1.99 kB │ gzip:   0.94 kB
dist/assets/PeriodFilter-Dv3aZKpN.js                           2.05 kB │ gzip:   0.88 kB
dist/assets/cloudSync-DEuh06Ef.js                              2.19 kB │ gzip:   1.05 kB
dist/assets/Modal-DJ0HB7nh.js                                  2.45 kB │ gzip:   1.21 kB
dist/assets/timeline-DigzAZgg.js                               3.41 kB │ gzip:   1.11 kB
dist/assets/indicadores-D152xasM.js                            3.52 kB │ gzip:   1.32 kB
dist/assets/universalPdfReport-CwsuoTUX.js                     3.59 kB │ gzip:   1.80 kB
dist/assets/PermissoesTab-B7CyAtMr.js                          3.68 kB │ gzip:   1.64 kB
dist/assets/TimelineTab-DXbgusbP.js                            3.78 kB │ gzip:   1.44 kB
dist/assets/ModoCampoTab-D9-pV1So.js                           4.76 kB │ gzip:   2.14 kB
dist/assets/PublicLinksApp-BWU92Mzf.js                         4.81 kB │ gzip:   2.18 kB
dist/assets/CronogramaTab-D19JTZJY.js                          5.44 kB │ gzip:   2.28 kB
dist/assets/PendenciasTab-DSoEkpxJ.js                          5.55 kB │ gzip:   2.17 kB
dist/assets/status-QvfI-Oj0.js                                 5.67 kB │ gzip:   1.78 kB
dist/assets/publicApi-CL9YpYnu.js                              6.05 kB │ gzip:   2.14 kB
dist/assets/HorasParadasTab-BcMZoC5P.js                        6.42 kB │ gzip:   2.56 kB
dist/assets/AuditoriaTab-DPQ6oEb4.js                           7.07 kB │ gzip:   2.56 kB
dist/assets/IndicadoresTab-CIF5NSbE.js                         8.26 kB │ gzip:   3.09 kB
dist/assets/AssistenteTab-WtK02dck.js                          8.36 kB │ gzip:   3.24 kB
dist/assets/NotificacoesTab-56X7Kq67.js                        8.42 kB │ gzip:   2.93 kB
dist/assets/EquipesTab-sdG9YKRf.js                             9.53 kB │ gzip:   3.28 kB
dist/assets/ChecklistTab-j_LmN8WV.js                           9.90 kB │ gzip:   3.33 kB
dist/assets/OrcamentoTab-0jSDbylc.js                          10.38 kB │ gzip:   3.40 kB
dist/assets/RelatoriosTab-DPUKt7k1.js                         10.43 kB │ gzip:   4.02 kB
dist/assets/SpreadsheetImportReview-sQL9EUDV.js               10.75 kB │ gzip:   3.43 kB
dist/assets/CentralOperacionalTab-Bz2gws05.js                 10.93 kB │ gzip:   3.55 kB
dist/assets/ApontamentosTab-D3NIlE1h.js                       11.02 kB │ gzip:   3.43 kB
dist/assets/MedicoesTab-JVQBO-ZK.js                           11.36 kB │ gzip:   3.48 kB
dist/assets/DdsTreinamentosTab-B3uscssi.js                    11.73 kB │ gzip:   3.30 kB
dist/assets/PlanejamentoTab-Cu5Y0D9o.js                       12.43 kB │ gzip:   3.49 kB
dist/assets/DocumentosTab-CYSrhpeA.js                         12.45 kB │ gzip:   3.88 kB
dist/assets/CustosTab-UqfuT-eA.js                             12.98 kB │ gzip:   3.54 kB
dist/assets/InspecoesTab-DkMQzZ9X.js                          13.22 kB │ gzip:   3.65 kB
dist/assets/NaoConformidadesTab-C8yfQ8YS.js                   13.88 kB │ gzip:   3.86 kB
dist/assets/ColaboradoresTab-BHZasfmn.js                      13.89 kB │ gzip:   4.23 kB
dist/assets/FrotaTab-2X5PX15u.js                              14.02 kB │ gzip:   4.28 kB
dist/assets/ManutencaoTab-DSt9oycD.js                         14.18 kB │ gzip:   4.06 kB
dist/assets/FrentesTab-CJbU5eT3.js                            14.49 kB │ gzip:   4.02 kB
dist/assets/OcorrenciasTab-Dj5_TeDG.js                        14.54 kB │ gzip:   3.80 kB
dist/assets/AdministracaoTab-D1bkSNQm.js                      14.79 kB │ gzip:   4.80 kB
dist/assets/PeriodoTab-DtBtKl0Q.js                            16.12 kB │ gzip:   5.36 kB
dist/assets/FvsTab-DnYxTApR.js                                17.42 kB │ gzip:   4.46 kB
dist/assets/ProducaoTab-CnL9xegX.js                           18.33 kB │ gzip:   4.25 kB
dist/assets/DiarioObraTab-Dj2qnIK5.js                         18.86 kB │ gzip:   6.37 kB
dist/assets/ConsultaGeralTab-C--HOobc.js                      19.15 kB │ gzip:   5.31 kB
dist/assets/MateriaisTab-Ccn3L8Xg.js                          23.68 kB │ gzip:   5.65 kB
dist/assets/PresencaTempoRealPublica-Cxqrb3Ce.js              30.89 kB │ gzip:   7.92 kB
dist/assets/vendor-firebase-storage-CGCNFkBG.js               32.61 kB │ gzip:   8.38 kB
dist/assets/EstacasTab-PPiPej4b.js                            35.04 kB │ gzip:  10.49 kB
dist/assets/TicketLinkExterno-B_aw2Xaq.js                     37.41 kB │ gzip:  10.49 kB
dist/assets/Dashboard-C0uGf3HH.js                             39.62 kB │ gzip:  11.58 kB
dist/assets/index-B7OWQX6S.js                                 39.84 kB │ gzip:  12.93 kB
dist/assets/LancamentosTab-CQjrMd3s.js                        73.70 kB │ gzip:  18.12 kB
dist/assets/ControlePresencaTab-CIH_o_QZ.js                   76.63 kB │ gzip:  19.85 kB
dist/assets/jszip.min-C-6VMety.js                             97.36 kB │ gzip:  30.22 kB
dist/assets/TicketsJazidaTab-DVxx3_Gm.js                     133.55 kB │ gzip:  31.61 kB
dist/assets/ControleEquipamentosDiarioTab-B5nz7mMQ.js        151.77 kB │ gzip:  38.48 kB
dist/assets/index.es-DCD0Ntsb.js                             189.30 kB │ gzip:  64.44 kB
dist/assets/vendor-canvas-B0tyYwQk.js                        202.36 kB │ gzip:  48.04 kB
dist/assets/vendor-supabase-DADWICq6.js                      223.77 kB │ gzip:  58.52 kB
dist/assets/vendor-react-BAo-HD7w.js                         266.34 kB │ gzip:  89.13 kB
dist/assets/CadastrosTab-Co28z6Ma.js                         269.08 kB │ gzip:  68.42 kB
dist/assets/seed-spreadsheet-CvJN2XrP.js                     273.01 kB │ gzip:  15.10 kB
dist/assets/App-CaGJBRzB.js                                  386.19 kB │ gzip: 100.56 kB
dist/assets/vendor-pdf-Bj8dHrQ8.js                           421.41 kB │ gzip: 138.26 kB
dist/assets/vendor-firebase-HM9crvgu.js                      698.26 kB │ gzip: 174.16 kB
dist/assets/vendor-excel-X9Mf7IIP.js                         940.08 kB │ gzip: 271.32 kB
dist/assets/seed-august-2026-CLrEgJPt.js                   1,362.85 kB │ gzip:  73.92 kB
✓ built in 35.44s

(!) Some chunks are larger than 500 kB after minification. Consider:
- Using dynamic import() to code-split the application
- Use build.rollupOptions.output.manualChunks to improve chunking: https://rollupjs.org/configuration-options/#output-manualchunks
- Adjust chunk size limit for this warning via build.chunkSizeWarningLimit.
