
> react-example@3.4.1 build
> vite build

vite v6.4.3 building for production...
transforming...
✓ 2353 modules transformed.
rendering chunks...
computing gzip size...
dist/index.html                                                1.05 kB │ gzip:   0.55 kB
dist/assets/geist-cyrillic-ext-wght-normal-DjL33-gN.woff2      7.42 kB
dist/assets/geist-vietnamese-wght-normal-6IgcOCM7.woff2        8.00 kB
dist/assets/logo-renea-branco-BBMOefhy.png                    11.47 kB
dist/assets/outfit-latin-ext-wght-normal-DdQaqQDo.woff2       14.81 kB
dist/assets/geist-cyrillic-wght-normal-BEAKL7Jp.woff2         15.08 kB
dist/assets/geist-latin-ext-wght-normal-DC-KSUi6.woff2        16.51 kB
dist/assets/logo-renea-transparent-BCMA_BbZ.png               27.69 kB
dist/assets/geist-latin-wght-normal-BgDaEnEv.woff2            29.40 kB
dist/assets/rodovia-serra-800-C0gT-d8-.webp                   31.11 kB
dist/assets/outfit-latin-wght-normal-Bc-8i84L.woff2           32.29 kB
dist/assets/spmar_logo-r2yGE8BV.png                           42.75 kB
dist/assets/renea_logo_new-BLysUi0b.png                       95.34 kB
dist/assets/rodovia-serra-1600-BHaFkWWp.webp                  98.91 kB
dist/assets/rodovia-duplicada-1600-Dp4HSpAD.webp             138.23 kB
dist/assets/PresencaTempoRealPublica-BH3nm5Ji.css             24.73 kB │ gzip:   4.82 kB
dist/assets/index-C6ebKcOq.css                               202.62 kB │ gzip:  35.25 kB
dist/assets/formato-C7tYwrYq.js                                0.24 kB │ gzip:   0.18 kB
dist/assets/minus-GP93Z1kI.js                                  0.29 kB │ gzip:   0.24 kB
dist/assets/check-C7lDOGQa.js                                  0.29 kB │ gzip:   0.24 kB
dist/assets/chevron-left-DmNk_9MQ.js                           0.30 kB │ gzip:   0.25 kB
dist/assets/usePaginacao-z7q-IA61.js                           0.31 kB │ gzip:   0.24 kB
dist/assets/loader-circle-NyGU5VGY.js                          0.31 kB │ gzip:   0.26 kB
dist/assets/authBridge-BWH4z-dK.js                             0.31 kB │ gzip:   0.22 kB
dist/assets/plus-BJcI9Wx2.js                                   0.33 kB │ gzip:   0.25 kB
dist/assets/clock-3-DbcyKCFX.js                                0.34 kB │ gzip:   0.27 kB
dist/assets/arrow-right-CndDu_zR.js                            0.34 kB │ gzip:   0.27 kB
dist/assets/arrow-up-right-B0TEWFE5.js                         0.34 kB │ gzip:   0.27 kB
dist/assets/trending-up-LI07qZvY.js                            0.35 kB │ gzip:   0.28 kB
dist/assets/logo-renea-branco-BDnMs5Tf.js                      0.35 kB │ gzip:   0.28 kB
dist/assets/circle-check-big-CXOzeX17.js                       0.36 kB │ gzip:   0.28 kB
dist/assets/rotate-ccw-Dl92KslT.js                             0.37 kB │ gzip:   0.29 kB
dist/assets/paperclip-7Yx2L3SJ.js                              0.40 kB │ gzip:   0.30 kB
dist/assets/upload-DiDgzc3v.js                                 0.40 kB │ gzip:   0.30 kB
dist/assets/download-DzNeXNGh.js                               0.41 kB │ gzip:   0.30 kB
dist/assets/link-2-CP7GqQ2a.js                                 0.42 kB │ gzip:   0.31 kB
dist/assets/useEntradaDeLista-Dk9J5oDF.js                      0.44 kB │ gzip:   0.34 kB
dist/assets/pencil-CHjRiR0c.js                                 0.45 kB │ gzip:   0.33 kB
dist/assets/pen-line-DuDNtGy7.js                               0.45 kB │ gzip:   0.33 kB
dist/assets/send-CUFtjkPt.js                                   0.46 kB │ gzip:   0.34 kB
dist/assets/user-plus-BDQ3QkZh.js                              0.48 kB │ gzip:   0.34 kB
dist/assets/PageHeader-D5g4S3do.js                             0.49 kB │ gzip:   0.27 kB
dist/assets/printer-Bbj2d_eT.js                                0.49 kB │ gzip:   0.34 kB
dist/assets/fuel-DSTiFj2X.js                                   0.49 kB │ gzip:   0.33 kB
dist/assets/save-DmJRsC3o.js                                   0.50 kB │ gzip:   0.33 kB
dist/assets/trash-2-B7FuNfow.js                                0.50 kB │ gzip:   0.32 kB
dist/assets/funnel-x-CtjYiiku.js                               0.50 kB │ gzip:   0.35 kB
dist/assets/droplets-tGlxopcW.js                               0.54 kB │ gzip:   0.39 kB
dist/assets/CountUp-BqAi33Ce.js                                0.56 kB │ gzip:   0.37 kB
dist/assets/file-pen-line-Bqk_89zt.js                          0.57 kB │ gzip:   0.37 kB
dist/assets/client-PaMvO7ci.js                                 0.58 kB │ gzip:   0.39 kB
dist/assets/sliders-horizontal-DngsZQlU.js                     0.60 kB │ gzip:   0.35 kB
dist/assets/manutencao-Bx6HWR6k.js                             0.60 kB │ gzip:   0.37 kB
dist/assets/spmar_logo-BYDowO2z.js                             0.61 kB │ gzip:   0.32 kB
dist/assets/Badge-Cr6eJBGJ.js                                  0.63 kB │ gzip:   0.39 kB
dist/assets/TableShell-BnBNKCB_.js                             0.64 kB │ gzip:   0.37 kB
dist/assets/calendar-days-BThXU_ih.js                          0.67 kB │ gzip:   0.37 kB
dist/assets/apontamentos-DspMxw2L.js                           0.77 kB │ gzip:   0.48 kB
dist/assets/Card-yRYdQXMl.js                                   0.79 kB │ gzip:   0.45 kB
dist/assets/producao-23jT0DXF.js                               0.86 kB │ gzip:   0.50 kB
dist/assets/operationalAttachments-BblN3kg0.js                 0.90 kB │ gzip:   0.52 kB
dist/assets/message-circle-EYYuvlN2.js                         0.92 kB │ gzip:   0.47 kB
dist/assets/truck-Bi9Z9onW.js                                  0.95 kB │ gzip:   0.45 kB
dist/assets/operationalAttachmentRules-CTvRcyUr.js             1.00 kB │ gzip:   0.55 kB
dist/assets/boxes-ClqVrR_V.js                                  1.02 kB │ gzip:   0.51 kB
dist/assets/vendor-preload-BlTxHScW.js                         1.11 kB │ gzip:   0.65 kB
dist/assets/Pagination-DUqxm3hD.js                             1.13 kB │ gzip:   0.55 kB
dist/assets/x-Cieonlx5.js                                      1.28 kB │ gzip:   0.47 kB
dist/assets/ocorrencias-BoJVaVwG.js                            1.34 kB │ gzip:   0.73 kB
dist/assets/medicoes-Cqhee9WW.js                               1.55 kB │ gzip:   0.79 kB
dist/assets/imagem-xE3LB4GD.js                                 1.57 kB │ gzip:   0.94 kB
dist/assets/custos-DgszUIkK.js                                 1.68 kB │ gzip:   0.78 kB
dist/assets/ConfirmDialog-DvlTINxX.js                          1.69 kB │ gzip:   0.77 kB
dist/assets/firebase-vSO0Tk3h.js                               1.90 kB │ gzip:   0.93 kB
dist/assets/masterDataApi-Uy-Kr9nB.js                          1.94 kB │ gzip:   1.04 kB
dist/assets/fvs-B0ibWAy4.js                                    1.99 kB │ gzip:   0.94 kB
dist/assets/PeriodFilter-Z-jzzL3J.js                           2.05 kB │ gzip:   0.88 kB
dist/assets/cloudSync--SQ5FpHp.js                              2.19 kB │ gzip:   1.05 kB
dist/assets/Modal-PTUXbczZ.js                                  2.45 kB │ gzip:   1.21 kB
dist/assets/timeline-DigzAZgg.js                               3.41 kB │ gzip:   1.11 kB
dist/assets/indicadores-DJb8yLAg.js                            3.52 kB │ gzip:   1.32 kB
dist/assets/universalPdfReport-CwsuoTUX.js                     3.59 kB │ gzip:   1.80 kB
dist/assets/PermissoesTab-BaU39xii.js                          3.68 kB │ gzip:   1.63 kB
dist/assets/TimelineTab-CUPdgR8p.js                            3.78 kB │ gzip:   1.44 kB
dist/assets/ModoCampoTab-Cc7fUs_n.js                           4.76 kB │ gzip:   2.13 kB
dist/assets/PublicLinksApp-DwKNIL5Y.js                         4.81 kB │ gzip:   2.18 kB
dist/assets/CronogramaTab-t0zjK34U.js                          5.44 kB │ gzip:   2.27 kB
dist/assets/PendenciasTab-DBARqwiG.js                          5.55 kB │ gzip:   2.16 kB
dist/assets/status-CGQ-q6x4.js                                 5.67 kB │ gzip:   1.78 kB
dist/assets/publicApi-CL9YpYnu.js                              6.05 kB │ gzip:   2.14 kB
dist/assets/HorasParadasTab-qwswmc3y.js                        6.42 kB │ gzip:   2.55 kB
dist/assets/AuditoriaTab-CqKCPav-.js                           7.07 kB │ gzip:   2.55 kB
dist/assets/IndicadoresTab-D9DJd08W.js                         8.26 kB │ gzip:   3.09 kB
dist/assets/AssistenteTab-5tMfS8Qu.js                          8.36 kB │ gzip:   3.24 kB
dist/assets/NotificacoesTab-XS_hmDZk.js                        8.42 kB │ gzip:   2.92 kB
dist/assets/EquipesTab-CLPwNKfK.js                             9.53 kB │ gzip:   3.28 kB
dist/assets/ChecklistTab-eGYt9kYQ.js                           9.90 kB │ gzip:   3.33 kB
dist/assets/OrcamentoTab-tGv7T9Ju.js                          10.38 kB │ gzip:   3.40 kB
dist/assets/RelatoriosTab-BE9UCtY1.js                         10.43 kB │ gzip:   4.02 kB
dist/assets/SpreadsheetImportReview-C23njkOW.js               10.75 kB │ gzip:   3.43 kB
dist/assets/CentralOperacionalTab-B0qF0KiR.js                 10.93 kB │ gzip:   3.55 kB
dist/assets/ApontamentosTab-ElejJw0v.js                       11.02 kB │ gzip:   3.44 kB
dist/assets/MedicoesTab-_whPqbN7.js                           11.36 kB │ gzip:   3.48 kB
dist/assets/DdsTreinamentosTab-CqV-rY6o.js                    11.73 kB │ gzip:   3.30 kB
dist/assets/PlanejamentoTab-BGmojNSI.js                       12.43 kB │ gzip:   3.49 kB
dist/assets/DocumentosTab-B2EWgU2L.js                         12.45 kB │ gzip:   3.88 kB
dist/assets/CustosTab-PpNZ1UdD.js                             12.98 kB │ gzip:   3.53 kB
dist/assets/InspecoesTab-Bkyr9Xhf.js                          13.22 kB │ gzip:   3.65 kB
dist/assets/NaoConformidadesTab-D3WIRO6o.js                   13.88 kB │ gzip:   3.86 kB
dist/assets/ColaboradoresTab-Cg2bLoWP.js                      13.89 kB │ gzip:   4.23 kB
dist/assets/FrotaTab-BWiuEFD-.js                              14.02 kB │ gzip:   4.28 kB
dist/assets/ManutencaoTab-E-WyZ8vO.js                         14.18 kB │ gzip:   4.06 kB
dist/assets/FrentesTab-1l6K8vBs.js                            14.49 kB │ gzip:   4.02 kB
dist/assets/OcorrenciasTab-BpHoiq4M.js                        14.54 kB │ gzip:   3.80 kB
dist/assets/AdministracaoTab-BqNBUDqX.js                      14.79 kB │ gzip:   4.80 kB
dist/assets/PeriodoTab-CjBKXnTW.js                            16.12 kB │ gzip:   5.36 kB
dist/assets/FvsTab-Oh86uyFb.js                                17.42 kB │ gzip:   4.46 kB
dist/assets/ProducaoTab-BO-dwXO2.js                           18.33 kB │ gzip:   4.25 kB
dist/assets/DiarioObraTab-Bxxm1cqg.js                         18.86 kB │ gzip:   6.37 kB
dist/assets/ConsultaGeralTab-CJ7dRoDd.js                      19.15 kB │ gzip:   5.30 kB
dist/assets/MateriaisTab-DKXvpk5T.js                          23.68 kB │ gzip:   5.65 kB
dist/assets/PresencaTempoRealPublica-k15OYnJ-.js              30.89 kB │ gzip:   7.92 kB
dist/assets/vendor-firebase-storage-CGCNFkBG.js               32.61 kB │ gzip:   8.38 kB
dist/assets/EstacasTab-C1VvynKf.js                            35.04 kB │ gzip:  10.49 kB
dist/assets/TicketLinkExterno-DHdBX1OT.js                     37.41 kB │ gzip:  10.49 kB
dist/assets/Dashboard-B28NrQaC.js                             38.44 kB │ gzip:  11.31 kB
dist/assets/index-BRNsEqZ9.js                                 39.84 kB │ gzip:  12.93 kB
dist/assets/LancamentosTab-BIfsBtnn.js                        73.70 kB │ gzip:  18.11 kB
dist/assets/ControlePresencaTab-CNLLvrra.js                   76.63 kB │ gzip:  19.85 kB
dist/assets/jszip.min-C-6VMety.js                             97.36 kB │ gzip:  30.22 kB
dist/assets/TicketsJazidaTab-Dw9wQ7UN.js                     133.55 kB │ gzip:  31.62 kB
dist/assets/ControleEquipamentosDiarioTab-BWns-p0T.js        151.77 kB │ gzip:  38.48 kB
dist/assets/index.es-DCD0Ntsb.js                             189.30 kB │ gzip:  64.44 kB
dist/assets/vendor-canvas-B0tyYwQk.js                        202.36 kB │ gzip:  48.04 kB
dist/assets/vendor-supabase-DADWICq6.js                      223.77 kB │ gzip:  58.52 kB
dist/assets/vendor-react-BAo-HD7w.js                         266.34 kB │ gzip:  89.13 kB
dist/assets/CadastrosTab-Ca4W-r41.js                         269.08 kB │ gzip:  68.42 kB
dist/assets/seed-spreadsheet-CvJN2XrP.js                     273.01 kB │ gzip:  15.10 kB
dist/assets/App-l1Nq4YNQ.js                                  386.22 kB │ gzip: 100.58 kB
dist/assets/vendor-pdf-Bj8dHrQ8.js                           421.41 kB │ gzip: 138.26 kB
dist/assets/vendor-firebase-HM9crvgu.js                      698.26 kB │ gzip: 174.16 kB
dist/assets/vendor-excel-X9Mf7IIP.js                         940.08 kB │ gzip: 271.32 kB
dist/assets/seed-august-2026-CLrEgJPt.js                   1,362.85 kB │ gzip:  73.92 kB
✓ built in 1m 20s
